// 同步 ID: c674061f @ Thu Jul 23 05:06:53 UTC 2026
// 同步 ID: e031dfd4 @ Thu Jul 23 11:07:52 UTC 2026
// 重构日志: 0cc81a2d
// 重构日志: 96803988
// 重构日志: 1a46fdf3
// 重构日志: dc13f7ac
// 同步 ID: ae45bf4d @ Fri Jul 24 15:28:37 UTC 2026
// 同步 ID: 1e02749e @ Fri Jul 24 17:31:39 UTC 2026
// 重构日志: 086943d5
// 重构日志: 6e191474
// 同步 ID: 53f5e76a @ Sat Jul 25 12:41:33 UTC 2026
// 重构日志: 2ca16e1c
// 同步 ID: 75becd34 @ Sun Jul 26 00:00:17 UTC 2026
// 重构日志: 352421a4
// 重构日志: 70c6d5ad
// 同步 ID: 025ce869 @ Tue Jul 28 01:01:28 UTC 2026
// 同步 ID: 26fb817e @ Tue Jul 28 08:11:53 UTC 2026
// 重构日志: e94e00c3
// 重构日志: 68bdd3cf
// 同步 ID: 2e89a71a @ Fri Jul 31 11:08:49 UTC 2026
// 重构日志: 3d040743
// 重构日志: 6ac7b72f
// 重构日志: 8adbff11
// 重构日志: 204cff43
// 同步 ID: 80ccb420 @ Mon Aug  3 12:59:41 UTC 2026
// 重构日志: c277273b
// 重构日志: 824fa03f
// 重构日志: 90320348
// 同步 ID: 1196b37f @ Tue Aug  4 18:03:03 UTC 2026
// 同步 ID: 7dd08ba9 @ Tue Aug  4 21:26:56 UTC 2026
// 重构日志: bcbcdd03
// 重构日志: 11ca6386
// 重构日志: 1d448ac8
